// Bun Snapshot v1, https://goo.gl/fbAQLP

exports[`edge cases splits a string with multiple json objects 1`] = `
[
  "{"employee":{"name":"sonoo","salary":56000,"married":true}}",
  
"[
  "Sunday",
  "Monday",
  "Tuesday",
  "Wednesday",
  "Thursday",
  "Friday",
  "Saturday"
]"
,
  
"[
  {
    "name": "Ram",
    "email": "Ram@gmail.com"
  },
  {
    "name": "Bob",
    "email": "bob32@gmail.com"
  }
]"
,
  "{"employees":[{"name":"Shyam","email":"shyamjaiswal@gmail.com"},{"name":"Bob","email":"bob32@gmail.com"},{"name":"Jai","email":"jai87@gmail.com"}]}",
  
"{
  "menu": {
    "id": "file",
    "value": "File",
    "popup": {
      "menuitem": [
        {
          "value": "New",
          "onclick": "CreateDoc()"
        },
        {
          "value": "Open",
          "onclick": "OpenDoc()"
        },
        {
          "value": "Save",
          "onclick": "SaveDoc()"
        }
      ]
    }
  }
}"
,
]
`;

exports[`edge cases splits a string with multiple nested brackets and json objects and spans 1`] = `
[
  {
    "end": 7,
    "name": """,
    "start": 2,
  },
  {
    "end": 16,
    "name": """,
    "start": 10,
  },
  {
    "end": 18,
    "name": "{}",
    "start": 0,
  },
  {
    "end": 27,
    "name": """,
    "start": 22,
  },
  {
    "end": 36,
    "name": """,
    "start": 30,
  },
  {
    "end": 38,
    "name": "[]",
    "start": 20,
  },
  {
    "end": 49,
    "name": """,
    "start": 44,
  },
  {
    "end": 58,
    "name": """,
    "start": 52,
  },
  {
    "end": 65,
    "name": """,
    "start": 63,
  },
  {
    "end": 70,
    "name": """,
    "start": 68,
  },
  {
    "end": 72,
    "name": "{}",
    "start": 61,
  },
  {
    "end": 74,
    "name": "[]",
    "start": 42,
  },
  {
    "end": 83,
    "name": """,
    "start": 79,
  },
  {
    "end": 89,
    "name": "[]",
    "start": 77,
  },
  {
    "end": 91,
    "name": "[]",
    "start": 40,
  },
]
`;
